[backblue.gif]
[fade.gif]
[index.html]
[demo.amytheme.com/movie/demo/multi-cinema/feed/index.html]
[demo.amytheme.com/movie/demo/multi-cinema/comments/feed/index.html]
[demo.amytheme.com/movie/demo/multi-cinema/wp-content/uploads/2019/04/pagetitle2.png]
[demo.amytheme.com/movie/demo/multi-cinema/wp-includes/js/jquery/jquery4a5f.js]
[demo.amytheme.com/movie/demo/multi-cinema/wp-includes/js/jquery/jquery-migrate.min330a.js]
[demo.amytheme.com/movie/demo/multi-cinema/wp-content/plugins/revslider/public/assets/js/jquery.themepunch.tools.min23da.js]
[demo.amytheme.com/movie/demo/multi-cinema/wp-content/plugins/revslider/public/assets/js/jquery.themepunch.revolution.min23da.js]
[demo.amytheme.com/movie/demo/multi-cinema/xmlrpc0db0.php]
[demo.amytheme.com/movie/demo/multi-cinema/wp-json/index.html]
[demo.amytheme.com/movie/demo/multi-cinema/wp-includes/wlwmanifest.xml]
[demo.amytheme.com/movie/demo/multi-cinema/wp-json/oembed/1.0/embed4631.json]
[demo.amytheme.com/movie/demo/multi-cinema/wp-json/oembed/1.0/embed87e3]
[demo.amytheme.com/movie/demo/multi-cinema/wp-content/uploads/2019/04/bgs1defa.jpg]
[demo.amytheme.com/movie/demo/multi-cinema/wp-content/uploads/2019/04/img_66.png]
[demo.amytheme.com/movie/demo/multi-cinema/wp-content/uploads/2019/04/img_15-1-214x368.jpg]
[demo.amytheme.com/movie/demo/multi-cinema/wp-content/uploads/2019/04/img_16-1-214x368.jpg]
[demo.amytheme.com/movie/demo/multi-cinema/wp-content/uploads/2019/04/img_17-1-214x368.jpg]
[demo.amytheme.com/movie/demo/multi-cinema/wp-content/uploads/2019/04/img_18-1-214x368.jpg]
[demo.amytheme.com/movie/demo/multi-cinema/wp-content/uploads/2019/04/img_19-1-214x368.jpg]
[demo.amytheme.com/movie/demo/multi-cinema/wp-content/uploads/2019/04/img_20-1-214x368.jpg]
[demo.amytheme.com/movie/demo/multi-cinema/wp-content/uploads/2019/04/img_4-1-214x368.jpg]
[demo.amytheme.com/movie/demo/multi-cinema/wp-content/uploads/2019/04/img_9-1.jpg]
[demo.amytheme.com/movie/demo/multi-cinema/wp-content/uploads/2019/04/img_5-1.jpg]
[demo.amytheme.com/movie/demo/multi-cinema/wp-content/uploads/2019/04/img_10-1.jpg]
[demo.amytheme.com/movie/demo/multi-cinema/wp-content/uploads/2019/04/img_3-1.jpg]
[demo.amytheme.com/movie/demo/multi-cinema/wp-content/uploads/2019/04/img_7-1.jpg]
[demo.amytheme.com/movie/demo/multi-cinema/wp-content/uploads/2019/04/img_15-1.jpg]
[demo.amytheme.com/movie/demo/multi-cinema/wp-content/uploads/2019/04/img_17-1.jpg]
[demo.amytheme.com/movie/demo/multi-cinema/wp-content/uploads/2019/04/img_20-1.jpg]
[demo.amytheme.com/movie/demo/multi-cinema/wp-content/uploads/2019/04/img_6-1.jpg]
[demo.amytheme.com/movie/demo/multi-cinema/wp-content/uploads/2019/04/img_13-1.jpg]
[demo.amytheme.com/movie/demo/multi-cinema/wp-content/uploads/2019/04/image_2-1.jpg]
[demo.amytheme.com/movie/demo/multi-cinema/wp-content/uploads/2019/04/image_11.jpg]
[demo.amytheme.com/movie/demo/multi-cinema/wp-content/uploads/2019/04/image_7-1.jpg]
[demo.amytheme.com/movie/demo/multi-cinema/wp-content/uploads/2019/04/image_3-1.jpg]
[demo.amytheme.com/movie/demo/multi-cinema/wp-content/uploads/2019/04/img_39.jpg]
[demo.amytheme.com/movie/demo/multi-cinema/wp-content/uploads/2019/04/img_32.jpg]
[demo.amytheme.com/movie/demo/multi-cinema/wp-content/uploads/2019/04/img_8-1-214x368.jpg]
[demo.amytheme.com/movie/demo/multi-cinema/wp-content/uploads/2019/04/img_9-1-214x368.jpg]
[demo.amytheme.com/movie/demo/multi-cinema/wp-content/uploads/2019/04/img_5-1-214x368.jpg]
[demo.amytheme.com/movie/demo/multi-cinema/wp-content/uploads/2019/04/img_11-1-214x368.jpg]
[demo.amytheme.com/movie/demo/multi-cinema/wp-content/uploads/2019/04/img_10-1-214x368.jpg]
[demo.amytheme.com/movie/demo/multi-cinema/wp-content/uploads/2019/04/image_11-360x240.jpg]
[demo.amytheme.com/movie/demo/multi-cinema/wp-content/uploads/2019/04/image_7-1-360x430.jpg]
[demo.amytheme.com/movie/demo/multi-cinema/wp-content/uploads/2019/04/image_3-1-360x240.jpg]
[demo.amytheme.com/movie/demo/multi-cinema/wp-content/uploads/2019/04/img_65.png]
[demo.amytheme.com/movie/demo/multi-cinema/wp-content/uploads/2019/04/image_3-1-120x85.jpg]
[demo.amytheme.com/movie/demo/multi-cinema/wp-content/uploads/2019/04/image_7-1-120x85.jpg]
[demo.amytheme.com/movie/demo/multi-cinema/wp-content/plugins/amy-user/assets/js/vendor/jquery.fancyboxd63f.js]
[demo.amytheme.com/movie/demo/multi-cinema/wp-content/plugins/amy-user/assets/js/script8a54.js]
[demo.amytheme.com/movie/demo/multi-cinema/wp-content/plugins/contact-form-7/includes/js/scriptsb62d.js]
[demo.amytheme.com/movie/demo/multi-cinema/wp-content/themes/amy-movie/js/vendor/widget.mine899.js]
[demo.amytheme.com/movie/demo/multi-cinema/wp-content/themes/amy-movie/js/vendor/slick.minaff7.js]
[demo.amytheme.com/movie/demo/multi-cinema/wp-content/themes/amy-movie/js/vendor/isotope.pkgd41fe.js]
[demo.amytheme.com/movie/demo/multi-cinema/wp-content/themes/amy-movie/js/vendor/masonry-horizontal001e.js]
[demo.amytheme.com/movie/demo/multi-cinema/wp-content/themes/amy-movie/js/vendor/kinetic7406.js]
[demo.amytheme.com/movie/demo/multi-cinema/wp-content/themes/amy-movie/js/vendor/smoothdivscroll4e44.js]
[demo.amytheme.com/movie/demo/multi-cinema/wp-content/themes/amy-movie/js/vendor/jquery.mousewheel.min2d73.js]
[demo.amytheme.com/movie/demo/multi-cinema/wp-includes/js/jquery/ui/core.mine899.js]
[demo.amytheme.com/movie/demo/multi-cinema/wp-includes/js/jquery/ui/datepicker.mine899.js]
[demo.amytheme.com/movie/demo/multi-cinema/wp-content/themes/amy-movie/js/vendor/bootstrap-tabe485.js]
[demo.amytheme.com/movie/demo/multi-cinema/wp-includes/js/imagesloaded.min55a0.js]
[demo.amytheme.com/movie/demo/multi-cinema/wp-content/themes/amy-movie/js/vendor/tooltipster.bundle8a54.js]
[demo.amytheme.com/movie/demo/multi-cinema/wp-content/themes/amy-movie/js/vendor/jquery.waterwheelCarousela1ec.js]
[demo.amytheme.com/movie/demo/multi-cinema/wp-content/themes/amy-movie/js/vendor/TweenMax.min24fc.js]
[demo.amytheme.com/movie/demo/multi-cinema/wp-content/themes/amy-movie/js/vendor/jquery.mCustomScrollbarc6bd.js]
[demo.amytheme.com/movie/demo/multi-cinema/wp-content/themes/amy-movie/js/vendor/plyr8a54.js]
[demo.amytheme.com/movie/demo/multi-cinema/wp-content/themes/amy-movie/js/vendor/reflectiona4e6.js]
[demo.amytheme.com/movie/demo/multi-cinema/wp-content/themes/amy-movie/js/script8a54.js]
[demo.amytheme.com/movie/demo/multi-cinema/wp-includes/js/wp-embed.min03ec.js]
[demo.amytheme.com/movie/demo/multi-cinema/wp-content/plugins/js_composer/assets/js/dist/js_composer_front.min9b2d.js]
[demo.amytheme.com/movie/demo/multi-cinema/wp-content/plugins/mailchimp-for-wp/assets/js/forms.min66f2.js]
[demo.amytheme.com/movie/demo/multi-cinema/index.html]
[demo.amytheme.com/movie/demo/multi-cinema/xmlrpc.php]
[demo.amytheme.com/movie/demo/multi-cinema/wp-includes/css/dist/block-library/style.min03ec.css]
[demo.amytheme.com/movie/demo/multi-cinema/wp-content/plugins/amy-user/assets/css/vendor/jquery.fancybox03ec.css]
[demo.amytheme.com/movie/demo/multi-cinema/wp-content/plugins/amy-user/assets/css/style03ec.css]
[demo.amytheme.com/movie/demo/multi-cinema/wp-content/plugins/contact-form-7/images/ajax-loader.gif]
[demo.amytheme.com/movie/demo/multi-cinema/wp-content/plugins/contact-form-7/includes/css/stylesb62d.css]
[demo.amytheme.com/movie/demo/multi-cinema/wp-content/plugins/revslider/public/assets/fonts/revicons/revicons90c6.eot]
[demo.amytheme.com/movie/demo/multi-cinema/wp-content/plugins/revslider/public/assets/fonts/revicons/revicons90c6.woff]
[demo.amytheme.com/movie/demo/multi-cinema/wp-content/plugins/revslider/public/assets/fonts/revicons/revicons90c6.ttf]
[demo.amytheme.com/movie/demo/multi-cinema/wp-content/plugins/revslider/public/assets/assets/gridtile.png]
[demo.amytheme.com/movie/demo/multi-cinema/wp-content/plugins/revslider/public/assets/assets/gridtile_white.png]
[demo.amytheme.com/movie/demo/multi-cinema/wp-content/plugins/revslider/public/assets/assets/gridtile_3x3.png]
[demo.amytheme.com/movie/demo/multi-cinema/wp-content/plugins/revslider/public/assets/assets/gridtile_3x3_white.png]
[demo.amytheme.com/movie/demo/multi-cinema/wp-content/plugins/revslider/public/assets/assets/coloredbg.png]
[demo.amytheme.com/movie/demo/multi-cinema/wp-content/plugins/revslider/public/assets/assets/loader.gif]
[demo.amytheme.com/movie/demo/multi-cinema/wp-content/plugins/revslider/public/assets/css/settings23da.css]
[demo.amytheme.com/movie/demo/multi-cinema/wp-content/plugins/js_composer/assets/vc/alert.png]
[demo.amytheme.com/movie/demo/multi-cinema/wp-content/plugins/js_composer/assets/vc/info.png]
[demo.amytheme.com/movie/demo/multi-cinema/wp-content/plugins/js_composer/assets/vc/tick.png]
[demo.amytheme.com/movie/demo/multi-cinema/wp-content/plugins/js_composer/assets/vc/exclamation.png]
[demo.amytheme.com/movie/demo/multi-cinema/wp-content/plugins/js_composer/assets/images/icons/address-book.png]
[demo.amytheme.com/movie/demo/multi-cinema/wp-content/plugins/js_composer/assets/images/icons/alarm-clock.png]
[demo.amytheme.com/movie/demo/multi-cinema/wp-content/plugins/js_composer/assets/images/icons/anchor.png]
[demo.amytheme.com/movie/demo/multi-cinema/wp-content/plugins/js_composer/assets/images/icons/application-image.png]
[demo.amytheme.com/movie/demo/multi-cinema/wp-content/plugins/js_composer/assets/images/icons/arrow.png]
[demo.amytheme.com/movie/demo/multi-cinema/wp-content/plugins/js_composer/assets/images/icons/asterisk.png]
[demo.amytheme.com/movie/demo/multi-cinema/wp-content/plugins/js_composer/assets/images/icons/auction-hammer.png]
[demo.amytheme.com/movie/demo/multi-cinema/wp-content/plugins/js_composer/assets/images/icons/balloon.png]
[demo.amytheme.com/movie/demo/multi-cinema/wp-content/plugins/js_composer/assets/images/icons/balloon-buzz.png]
[demo.amytheme.com/movie/demo/multi-cinema/wp-content/plugins/js_composer/assets/images/icons/balloon-facebook.png]
[demo.amytheme.com/movie/demo/multi-cinema/wp-content/plugins/js_composer/assets/images/icons/balloon-twitter.png]
[demo.amytheme.com/movie/demo/multi-cinema/wp-content/plugins/js_composer/assets/images/icons/battery-full.png]
[demo.amytheme.com/movie/demo/multi-cinema/wp-content/plugins/js_composer/assets/images/icons/binocular.png]
[demo.amytheme.com/movie/demo/multi-cinema/wp-content/plugins/js_composer/assets/images/icons/blue-document-excel.png]
[demo.amytheme.com/movie/demo/multi-cinema/wp-content/plugins/js_composer/assets/images/icons/blue-document-image.png]
[demo.amytheme.com/movie/demo/multi-cinema/wp-content/plugins/js_composer/assets/images/icons/blue-document-music.png]
[demo.amytheme.com/movie/demo/multi-cinema/wp-content/plugins/js_composer/assets/images/icons/blue-document-office.png]
[demo.amytheme.com/movie/demo/multi-cinema/wp-content/plugins/js_composer/assets/images/icons/blue-document-pdf.png]
[demo.amytheme.com/movie/demo/multi-cinema/wp-content/plugins/js_composer/assets/images/icons/blue-document-powerpoint.png]
[demo.amytheme.com/movie/demo/multi-cinema/wp-content/plugins/js_composer/assets/images/icons/blue-document-word.png]
[demo.amytheme.com/movie/demo/multi-cinema/wp-content/plugins/js_composer/assets/images/icons/bookmark.png]
[demo.amytheme.com/movie/demo/multi-cinema/wp-content/plugins/js_composer/assets/images/icons/camcorder.png]
[demo.amytheme.com/movie/demo/multi-cinema/wp-content/plugins/js_composer/assets/images/icons/camera.png]
[demo.amytheme.com/movie/demo/multi-cinema/wp-content/plugins/js_composer/assets/images/icons/chart.png]
[demo.amytheme.com/movie/demo/multi-cinema/wp-content/plugins/js_composer/assets/images/icons/chart-pie.png]
[demo.amytheme.com/movie/demo/multi-cinema/wp-content/plugins/js_composer/assets/images/icons/clock.png]
[demo.amytheme.com/movie/demo/multi-cinema/wp-content/plugins/js_composer/assets/images/icons/control.png]
[demo.amytheme.com/movie/demo/multi-cinema/wp-content/plugins/js_composer/assets/images/icons/fire.png]
[demo.amytheme.com/movie/demo/multi-cinema/wp-content/plugins/js_composer/assets/images/icons/heart.png]
[demo.amytheme.com/movie/demo/multi-cinema/wp-content/plugins/js_composer/assets/images/icons/mail.png]
[demo.amytheme.com/movie/demo/multi-cinema/wp-content/plugins/js_composer/assets/images/icons/plus-shield.png]
[demo.amytheme.com/movie/demo/multi-cinema/wp-content/plugins/js_composer/assets/images/icons/video.png]
[demo.amytheme.com/movie/demo/multi-cinema/wp-content/plugins/js_composer/assets/fonts/vc_icons_v2/fonts/vcpb-plugin-iconsb82a.eot]
[demo.amytheme.com/movie/demo/multi-cinema/wp-content/plugins/js_composer/assets/fonts/vc_icons_v2/fonts/vcpb-plugin-iconsb82a.ttf]
[demo.amytheme.com/movie/demo/multi-cinema/wp-content/plugins/js_composer/assets/fonts/vc_icons_v2/fonts/vcpb-plugin-iconsb82a.woff]
[demo.amytheme.com/movie/demo/multi-cinema/wp-content/plugins/js_composer/assets/images/toggle_open.png]
[demo.amytheme.com/movie/demo/multi-cinema/wp-content/plugins/js_composer/assets/images/toggle_close.png]
[demo.amytheme.com/movie/demo/multi-cinema/wp-content/plugins/js_composer/assets/images/flickr.png]
[demo.amytheme.com/movie/demo/multi-cinema/wp-content/plugins/js_composer/assets/fonts/vc_grid/vc_grid_v157a1.eot]
[demo.amytheme.com/movie/demo/multi-cinema/wp-content/plugins/js_composer/assets/fonts/vc_grid/vc_grid_v1d41d.eot]
[demo.amytheme.com/movie/demo/multi-cinema/wp-content/plugins/js_composer/assets/fonts/vc_grid/vc_grid_v157a1.woff]
[demo.amytheme.com/movie/demo/multi-cinema/wp-content/plugins/js_composer/assets/fonts/vc_grid/vc_grid_v157a1.ttf]
[demo.amytheme.com/movie/demo/multi-cinema/wp-content/plugins/js_composer/assets/images/spinner.gif]
[demo.amytheme.com/movie/demo/multi-cinema/wp-content/plugins/js_composer/assets/vc/remove.png]
[demo.amytheme.com/movie/demo/multi-cinema/wp-content/plugins/js_composer/assets/css/js_composer.min9b2d.css]
[demo.amytheme.com/movie/demo/multi-cinema/wp-content/themes/amy-movie/fonts/font-awesome/fontawesome-webfont5b62.eot]
[demo.amytheme.com/movie/demo/multi-cinema/wp-content/themes/amy-movie/fonts/font-awesome/fontawesome-webfontd41d.eot]
[demo.amytheme.com/movie/demo/multi-cinema/wp-content/themes/amy-movie/fonts/font-awesome/fontawesome-webfont5b62.woff2]
[demo.amytheme.com/movie/demo/multi-cinema/wp-content/themes/amy-movie/fonts/font-awesome/fontawesome-webfont5b62.woff]
[demo.amytheme.com/movie/demo/multi-cinema/wp-content/themes/amy-movie/fonts/font-awesome/fontawesome-webfont5b62.ttf]
[demo.amytheme.com/movie/demo/multi-cinema/wp-content/themes/amy-movie/css/vendor/font-awesome4698.css]
[demo.amytheme.com/movie/demo/multi-cinema/wp-content/themes/amy-movie/css/vendor/slick03ec.css]
[demo.amytheme.com/movie/demo/multi-cinema/wp-content/themes/amy-movie/css/vendor/slick-theme03ec.css]
[demo.amytheme.com/movie/demo/multi-cinema/wp-content/themes/amy-movie/css/vendor/tooltipster.bundle8a54.css]
[demo.amytheme.com/movie/demo/multi-cinema/wp-content/themes/amy-movie/css/vendor/jquery.mCustomScrollbar8a54.css]
[demo.amytheme.com/movie/demo/multi-cinema/wp-content/themes/amy-movie/css/vendor/plyr8a54.css]
[demo.amytheme.com/movie/demo/multi-cinema/wp-content/themes/amy-movie/images/frontend/ajax_loading.gif]
[demo.amytheme.com/movie/demo/multi-cinema/wp-content/themes/amy-movie/images/frontend/footer_bg.png]
[demo.amytheme.com/movie/demo/multi-cinema/wp-content/themes/amy-movie/images/frontend/lines.png]
[demo.amytheme.com/movie/demo/multi-cinema/wp-content/themes/amy-movie/images/frontend/bg_topmovie.png]
[demo.amytheme.com/movie/demo/multi-cinema/wp-content/themes/amy-movie/images/frontend/lines_dark.png]
[demo.amytheme.com/movie/demo/multi-cinema/wp-content/themes/amy-movie/images/frontend/icon_movies.png]
[demo.amytheme.com/movie/demo/multi-cinema/wp-content/themes/amy-movie/images/frontend/popcorn.png]
[demo.amytheme.com/movie/demo/multi-cinema/wp-content/themes/amy-movie/images/frontend/bg-search.png]
[demo.amytheme.com/movie/demo/multi-cinema/wp-content/themes/amy-movie/images/frontend/icon_mvak.png]
[demo.amytheme.com/movie/demo/multi-cinema/wp-content/themes/amy-movie/images/icons/icon-play.png]
[demo.amytheme.com/movie/demo/multi-cinema/wp-content/themes/amy-movie/images/frontend/icon-media.png]
[demo.amytheme.com/movie/demo/multi-cinema/wp-content/themes/amy-movie/images/frontend/icon-cinema.png]
[demo.amytheme.com/movie/demo/multi-cinema/wp-content/themes/amy-movie/images/frontend/star.png]
[demo.amytheme.com/movie/demo/multi-cinema/wp-content/themes/amy-movie/images/icons/icon-letter.png]
[demo.amytheme.com/movie/demo/multi-cinema/wp-content/themes/amy-movie/images/icons/icon-calendar.png]
[demo.amytheme.com/movie/demo/multi-cinema/wp-content/themes/amy-movie/images/icons/icon-layout.png]
[demo.amytheme.com/movie/demo/multi-cinema/wp-content/themes/amy-movie/images/frontend/cb_bg.png]
[demo.amytheme.com/movie/demo/multi-cinema/wp-content/themes/amy-movie/images/icons/icon-user2.png]
[demo.amytheme.com/movie/demo/multi-cinema/wp-content/themes/amy-movie/images/bg/bgsh3.jpg]
[demo.amytheme.com/movie/demo/multi-cinema/wp-content/themes/amy-movie/images/bg/seperator-bg.png]
[demo.amytheme.com/movie/demo/multi-cinema/wp-content/themes/amy-movie/images/bg/seperator-bg-2.png]
[demo.amytheme.com/movie/demo/multi-cinema/wp-content/themes/amy-movie/css/style8a54.css]
[demo.amytheme.com/movie/demo/multi-cinema/wp-json/oembed/1.0/embed196f.json]
[demo.amytheme.com/movie/demo/multi-cinema/wp-json/oembed/1.0/embed6757]
[demo.amytheme.com/movie/demo/multi-cinema/wp-content/uploads/2019/04/img_11-1-196x336.jpg]
[demo.amytheme.com/movie/demo/multi-cinema/wp-content/uploads/2019/04/img_10-1-196x336.jpg]
[demo.amytheme.com/movie/demo/multi-cinema/wp-content/uploads/2019/04/img_9-1-196x336.jpg]
[demo.amytheme.com/movie/demo/multi-cinema/wp-content/uploads/2019/04/img_8-1-196x336.jpg]
[demo.amytheme.com/movie/demo/multi-cinema/wp-content/uploads/2019/04/img_7-1-196x336.jpg]
[demo.amytheme.com/movie/demo/multi-cinema/wp-content/uploads/2019/04/img_6-1-196x336.jpg]
[demo.amytheme.com/movie/demo/multi-cinema/wp-content/uploads/2019/04/img_15-1-118x159.jpg]
[demo.amytheme.com/movie/demo/multi-cinema/wp-content/uploads/2019/04/img_16-1-118x159.jpg]
[demo.amytheme.com/movie/demo/multi-cinema/wp-content/uploads/2019/04/img_17-1-118x159.jpg]
[demo.amytheme.com/movie/demo/multi-cinema/wp-content/uploads/2019/04/img_62.png]
[demo.amytheme.com/movie/demo/multi-cinema/wp-content/uploads/2019/04/image_11-120x85.jpg]
[demo.amytheme.com/movie/demo/multi-cinema/wp-content/uploads/2019/04/img_56-120x85.jpg]
[demo.amytheme.com/movie/demo/multi-cinema/wp-content/uploads/2019/04/img_57-120x85.jpg]
[demo.amytheme.com/movie/demo/multi-cinema/wp-content/uploads/2019/04/img_63.png]
[demo.amytheme.com/movie/demo/multi-cinema/now-playing/index.html]
[demo.amytheme.com/movie/demo/multi-cinema/wp-json/oembed/1.0/embed24d1.json]
[demo.amytheme.com/movie/demo/multi-cinema/wp-json/oembed/1.0/embed7989]
[demo.amytheme.com/movie/demo/multi-cinema/wp-content/uploads/2019/04/img_6-1-214x368.jpg]
[demo.amytheme.com/movie/demo/multi-cinema/comming-soon/index.html]
[demo.amytheme.com/movie/demo/multi-cinema/wp-json/oembed/1.0/embed3280.json]
[demo.amytheme.com/movie/demo/multi-cinema/wp-json/oembed/1.0/embed2eb8]
[demo.amytheme.com/movie/demo/multi-cinema/wp-content/uploads/2019/04/mvcnm3.jpg]
[demo.amytheme.com/movie/demo/multi-cinema/wp-content/uploads/2019/04/img_33.jpg]
[demo.amytheme.com/movie/demo/multi-cinema/wp-content/uploads/2019/04/img_34.jpg]
[demo.amytheme.com/movie/demo/multi-cinema/wp-content/uploads/2019/04/img_35.jpg]
[demo.amytheme.com/movie/demo/multi-cinema/wp-content/uploads/2019/04/img_36.jpg]
[demo.amytheme.com/movie/demo/multi-cinema/wp-content/uploads/2019/04/img_37.jpg]
[i.vimeocdn.com/video/262439021_640.jpg]
[demo.amytheme.com/movie/demo/multi-cinema/wp-includes/js/comment-reply.min03ec.js]
[demo.amytheme.com/movie/demo/multi-cinema/amy_movie/hello-of-high-water/index.html]
[demo.amytheme.com/movie/demo/multi-cinema/wp-content/uploads/2019/04/img_12-1.jpg]
[demo.amytheme.com/movie/demo/multi-cinema/wp-json/oembed/1.0/embed1ac5.json]
[demo.amytheme.com/movie/demo/multi-cinema/wp-json/oembed/1.0/embed0a0c]
[demo.amytheme.com/movie/demo/multi-cinema/amy_movie/ice-age-collision-course/index.html]
[demo.amytheme.com/movie/demo/multi-cinema/wp-content/uploads/2019/04/img_19-1.jpg]
[demo.amytheme.com/movie/demo/multi-cinema/wp-json/oembed/1.0/embed2dab.json]
[demo.amytheme.com/movie/demo/multi-cinema/wp-json/oembed/1.0/embed552a]
[demo.amytheme.com/movie/demo/multi-cinema/wp-content/uploads/2019/04/mvcnm2.jpg]
[demo.amytheme.com/movie/demo/multi-cinema/amy_movie/jumanji-welcome-to-the-jungle/index.html]
[demo.amytheme.com/movie/demo/multi-cinema/wp-content/uploads/2019/04/img_4-1.jpg]
[demo.amytheme.com/movie/demo/multi-cinema/wp-json/oembed/1.0/embede776.json]
[demo.amytheme.com/movie/demo/multi-cinema/wp-json/oembed/1.0/embed1b4f]
[demo.amytheme.com/movie/demo/multi-cinema/amy_movie/kubo-and-the-two-strings/index.html]
[demo.amytheme.com/movie/demo/multi-cinema/wp-json/oembed/1.0/embed6b66.json]
[demo.amytheme.com/movie/demo/multi-cinema/cinema/gv-max/feed/index.html]
[demo.amytheme.com/movie/demo/multi-cinema/wp-json/oembed/1.0/embed0f08]
[demo.amytheme.com/movie/demo/multi-cinema/wp-content/uploads/2019/04/img_48.jpg]
[demo.amytheme.com/movie/demo/multi-cinema/wp-content/uploads/2019/04/img_26.jpg]
[demo.amytheme.com/movie/demo/multi-cinema/wp-content/uploads/2019/04/img_27.jpg]
[demo.amytheme.com/movie/demo/multi-cinema/wp-content/uploads/2019/04/img_28.jpg]
[demo.amytheme.com/movie/demo/multi-cinema/wp-content/uploads/2019/04/img_29.jpg]
[demo.amytheme.com/movie/demo/multi-cinema/wp-content/uploads/2019/04/img_30.jpg]
[demo.amytheme.com/movie/demo/multi-cinema/wp-content/uploads/2019/04/img_31.jpg]
[demo.amytheme.com/movie/demo/multi-cinema/wp-content/uploads/2019/04/img_12-1-164x220.jpg]
[demo.amytheme.com/movie/demo/multi-cinema/wp-content/uploads/2019/04/img_8-1-164x220.jpg]
[demo.amytheme.com/movie/demo/multi-cinema/wp-content/uploads/2019/04/img_7-1-164x220.jpg]
[demo.amytheme.com/movie/demo/multi-cinema/wp-content/uploads/2019/04/img_3-1-164x220.jpg]
[demo.amytheme.com/movie/demo/multi-cinema/cinema/gv-max/index.html]
[demo.amytheme.com/movie/demo/multi-cinema/wp-json/oembed/1.0/embed693c.json]
[demo.amytheme.com/movie/demo/multi-cinema/wp-json/oembed/1.0/embed2fb7]
[demo.amytheme.com/movie/demo/multi-cinema/wp-content/uploads/2019/04/img_10-1-264x396.jpg]
[demo.amytheme.com/movie/demo/multi-cinema/wp-content/uploads/2019/04/img_9-1-264x396.jpg]
[demo.amytheme.com/movie/demo/multi-cinema/wp-content/uploads/2019/04/img_8-1-264x396.jpg]
[demo.amytheme.com/movie/demo/multi-cinema/wp-content/uploads/2019/04/img_7-1-264x396.jpg]
[demo.amytheme.com/movie/demo/multi-cinema/wp-content/uploads/2019/04/img_6-1-264x396.jpg]
[demo.amytheme.com/movie/demo/multi-cinema/wp-content/uploads/2019/04/img_5-1-264x396.jpg]
[demo.amytheme.com/movie/demo/multi-cinema/daily-layout-list/index.html]
[demo.amytheme.com/movie/demo/multi-cinema/wp-json/oembed/1.0/embed2d2d.json]
[demo.amytheme.com/movie/demo/multi-cinema/wp-json/oembed/1.0/embed3fcd]
[demo.amytheme.com/movie/demo/multi-cinema/wp-content/uploads/2019/04/img_12-1-196x294.jpg]
[demo.amytheme.com/movie/demo/multi-cinema/wp-content/uploads/2019/04/img_11-1-196x294.jpg]
[demo.amytheme.com/movie/demo/multi-cinema/wp-content/uploads/2019/04/img_10-1-196x294.jpg]
[demo.amytheme.com/movie/demo/multi-cinema/wp-content/uploads/2019/04/img_9-1-196x294.jpg]
[demo.amytheme.com/movie/demo/multi-cinema/wp-content/uploads/2019/04/img_8-1-196x294.jpg]
[demo.amytheme.com/movie/demo/multi-cinema/wp-content/uploads/2019/04/img_7-1-196x294.jpg]
[demo.amytheme.com/movie/demo/multi-cinema/wp-content/uploads/2019/04/img_6-1-196x294.jpg]
[demo.amytheme.com/movie/demo/multi-cinema/wp-content/uploads/2019/04/img_5-1-196x294.jpg]
[demo.amytheme.com/movie/demo/multi-cinema/wp-content/uploads/2019/04/img_4-1-196x294.jpg]
[demo.amytheme.com/movie/demo/multi-cinema/wp-content/uploads/2019/04/img_3-1-196x294.jpg]
[demo.amytheme.com/movie/demo/multi-cinema/daily-showtime-ajax/index.html]
[demo.amytheme.com/movie/demo/multi-cinema/wp-json/oembed/1.0/embed7b1a.json]
[demo.amytheme.com/movie/demo/multi-cinema/wp-json/oembed/1.0/embed4856]
[demo.amytheme.com/movie/demo/multi-cinema/weekly-showtime-table/index.html]
[demo.amytheme.com/movie/demo/multi-cinema/wp-json/oembed/1.0/embed8093.json]
[demo.amytheme.com/movie/demo/multi-cinema/wp-json/oembed/1.0/embede0e9]
[demo.amytheme.com/movie/demo/multi-cinema/wp-content/uploads/2019/04/img_7-1-214x321.jpg]
[demo.amytheme.com/movie/demo/multi-cinema/weekly-showtime-ajax/index.html]
[demo.amytheme.com/movie/demo/multi-cinema/wp-json/oembed/1.0/embedcbdb.json]
[demo.amytheme.com/movie/demo/multi-cinema/wp-json/oembed/1.0/embed4db9]
[demo.amytheme.com/movie/demo/multi-cinema/top-rated/index.html]
[demo.amytheme.com/movie/demo/multi-cinema/wp-json/oembed/1.0/embed78c5.json]
[demo.amytheme.com/movie/demo/multi-cinema/wp-json/oembed/1.0/embed95ab]
[demo.amytheme.com/movie/demo/multi-cinema/amy_movie/game-night/index.html]
[demo.amytheme.com/movie/demo/multi-cinema/wp-content/uploads/2019/04/img_16-1.jpg]
[demo.amytheme.com/movie/demo/multi-cinema/wp-json/oembed/1.0/embed1acd.json]
[demo.amytheme.com/movie/demo/multi-cinema/wp-json/oembed/1.0/embed13fe]
[demo.amytheme.com/movie/demo/multi-cinema/amy_movie/peter-rabbit/index.html]
[demo.amytheme.com/movie/demo/multi-cinema/wp-json/oembed/1.0/embedbddd.json]
[demo.amytheme.com/movie/demo/multi-cinema/amy_movie/supersonic/index.html]
[demo.amytheme.com/movie/demo/multi-cinema/wp-json/oembed/1.0/embed29cb]
[demo.amytheme.com/movie/demo/multi-cinema/wp-content/uploads/2019/04/img_18-1.jpg]
[demo.amytheme.com/movie/demo/multi-cinema/wp-json/oembed/1.0/embed5e91.json]
[demo.amytheme.com/movie/demo/multi-cinema/wp-json/oembed/1.0/embed15c4]
[demo.amytheme.com/movie/demo/multi-cinema/wp-content/uploads/2019/04/mvcnm1.jpg]
[demo.amytheme.com/movie/demo/multi-cinema/amy_movie/death-wish/index.html]
[demo.amytheme.com/movie/demo/multi-cinema/wp-json/oembed/1.0/embedf118.json]
[demo.amytheme.com/movie/demo/multi-cinema/wp-json/oembed/1.0/embed0f79]
[demo.amytheme.com/movie/demo/multi-cinema/amy_movie/the-hurricane-heist/index.html]
[demo.amytheme.com/movie/demo/multi-cinema/wp-json/oembed/1.0/embed40a0.json]
[demo.amytheme.com/movie/demo/multi-cinema/wp-json/oembed/1.0/embeda680]
[demo.amytheme.com/movie/demo/multi-cinema/amy_movie/norma-royal-opera/index.html]
[demo.amytheme.com/movie/demo/multi-cinema/amy_genre/comedy/feed/index.html]
[demo.amytheme.com/movie/demo/multi-cinema/wp-content/uploads/2019/04/img_20-1-205x347.jpg]
[demo.amytheme.com/movie/demo/multi-cinema/wp-content/uploads/2019/04/img_19-1-205x347.jpg]
[demo.amytheme.com/movie/demo/multi-cinema/wp-content/uploads/2019/04/img_18-1-205x347.jpg]
[demo.amytheme.com/movie/demo/multi-cinema/wp-content/uploads/2019/04/img_17-1-205x347.jpg]
[demo.amytheme.com/movie/demo/multi-cinema/wp-content/uploads/2019/04/img_16-1-205x347.jpg]
[demo.amytheme.com/movie/demo/multi-cinema/wp-content/uploads/2019/04/img_15-1-205x347.jpg]
[demo.amytheme.com/movie/demo/multi-cinema/wp-content/uploads/2019/04/img_11-1-205x347.jpg]
[demo.amytheme.com/movie/demo/multi-cinema/amy_genre/comedy/index.html]
[demo.amytheme.com/movie/demo/multi-cinema/wp-content/uploads/2019/04/img_5-1-205x347.jpg]
[demo.amytheme.com/movie/demo/multi-cinema/wp-content/uploads/2019/04/img_4-1-205x347.jpg]
[demo.amytheme.com/movie/demo/multi-cinema/amy_genre/magic/index.html]
[demo.amytheme.com/movie/demo/multi-cinema/amy_genre/magic/feed/index.html]
[demo.amytheme.com/movie/demo/multi-cinema/wp-content/uploads/2019/04/img_9-1-205x347.jpg]
[demo.amytheme.com/movie/demo/multi-cinema/amy_genre/romantic/index.html]
[demo.amytheme.com/movie/demo/multi-cinema/amy_genre/romantic/feed/index.html]
[demo.amytheme.com/movie/demo/multi-cinema/wp-content/uploads/2019/04/img_20-1-150x150.jpg]
[demo.amytheme.com/movie/demo/multi-cinema/amy_actor/alexander-cattly/feed/index.html]
[demo.amytheme.com/movie/demo/multi-cinema/wp-content/uploads/2019/04/img_19-1-150x150.jpg]
[demo.amytheme.com/movie/demo/multi-cinema/wp-content/uploads/2019/04/img_18-1-150x150.jpg]
[demo.amytheme.com/movie/demo/multi-cinema/wp-content/uploads/2019/04/img_17-1-150x150.jpg]
[demo.amytheme.com/movie/demo/multi-cinema/wp-content/uploads/2019/04/img_16-1-150x150.jpg]
[demo.amytheme.com/movie/demo/multi-cinema/amy_actor/alexander-cattly/index.html]
[demo.amytheme.com/movie/demo/multi-cinema/amy_actor/greta-garbo/index.html]
[demo.amytheme.com/movie/demo/multi-cinema/amy_actor/greta-garbo/feed/index.html]
[demo.amytheme.com/movie/demo/multi-cinema/wp-content/uploads/2019/04/img_15-1-150x150.jpg]
[demo.amytheme.com/movie/demo/multi-cinema/amy_director/grace-belly/index.html]
[demo.amytheme.com/movie/demo/multi-cinema/amy_director/grace-belly/feed/index.html]
[demo.amytheme.com/movie/demo/multi-cinema/wp-json/oembed/1.0/embed4992.json]
[demo.amytheme.com/movie/demo/multi-cinema/wp-json/oembed/1.0/embed94f9]
[demo.amytheme.com/movie/demo/multi-cinema/amy_movie/bad-moms/index.html]
[demo.amytheme.com/movie/demo/multi-cinema/wp-json/oembed/1.0/embed44a6.json]
[demo.amytheme.com/movie/demo/multi-cinema/amy_movie/swiss-army-man/index.html]
[demo.amytheme.com/movie/demo/multi-cinema/wp-json/oembed/1.0/embeda221]
[demo.amytheme.com/movie/demo/multi-cinema/wp-content/uploads/2019/04/img_13-1-205x347.jpg]
[demo.amytheme.com/movie/demo/multi-cinema/amy_genre/drama/index.html]
[demo.amytheme.com/movie/demo/multi-cinema/amy_genre/drama/feed/index.html]
[demo.amytheme.com/movie/demo/multi-cinema/wp-json/oembed/1.0/embed8b95.json]
[demo.amytheme.com/movie/demo/multi-cinema/wp-json/oembed/1.0/embed8eea]
[demo.amytheme.com/movie/demo/multi-cinema/amy_movie/brotherhood/index.html]
[demo.amytheme.com/movie/demo/multi-cinema/wp-json/oembed/1.0/embedb1a5.json]
[demo.amytheme.com/movie/demo/multi-cinema/wp-json/oembed/1.0/embed26e3]
[demo.amytheme.com/movie/demo/multi-cinema/wp-content/uploads/2019/04/img_7-1-214x368.jpg]
[demo.amytheme.com/movie/demo/multi-cinema/amy_movie/the-girl-with-all-the-gifts/index.html]
[demo.amytheme.com/movie/demo/multi-cinema/wp-json/oembed/1.0/embede17a.json]
[demo.amytheme.com/movie/demo/multi-cinema/amy_movie/the-sleeping-beauty-australia/index.html]
[demo.amytheme.com/movie/demo/multi-cinema/wp-json/oembed/1.0/embedf2aa]
[demo.amytheme.com/movie/demo/multi-cinema/wp-content/uploads/2019/04/img_8-1.jpg]
[demo.amytheme.com/movie/demo/multi-cinema/wp-json/oembed/1.0/embed2dcf.json]
[demo.amytheme.com/movie/demo/multi-cinema/wp-json/oembed/1.0/embed40ee]
[demo.amytheme.com/movie/demo/multi-cinema/amy_movie/dont-breathe/index.html]
[demo.amytheme.com/movie/demo/multi-cinema/wp-content/uploads/2019/04/img_11-1.jpg]
[demo.amytheme.com/movie/demo/multi-cinema/wp-json/oembed/1.0/embed269b.json]
[demo.amytheme.com/movie/demo/multi-cinema/wp-json/oembed/1.0/embed1fe8]
[demo.amytheme.com/movie/demo/multi-cinema/amy_movie/star-trek-beyond/index.html]
[demo.amytheme.com/movie/demo/multi-cinema/wp-json/oembed/1.0/embed4bd0.json]
[demo.amytheme.com/movie/demo/multi-cinema/another-jurassic-park-star-joins-thor-ragnarok/feed/index.html]
[demo.amytheme.com/movie/demo/multi-cinema/wp-json/oembed/1.0/embed2b71]
[demo.amytheme.com/movie/demo/multi-cinema/wp-content/uploads/2019/04/image_7-1-360x240.jpg]
[demo.amytheme.com/movie/demo/multi-cinema/wp-content/uploads/2019/04/img_57-360x240.jpg]
[demo.amytheme.com/movie/demo/multi-cinema/another-jurassic-park-star-joins-thor-ragnarok/index.html]
[demo.amytheme.com/movie/demo/multi-cinema/wp-json/oembed/1.0/embedd87e.json]
[demo.amytheme.com/movie/demo/multi-cinema/wp-json/oembed/1.0/embed5bac]
[demo.amytheme.com/movie/demo/multi-cinema/5-movies-to-watch-this-week-29-sep-2016/feed/index.html]
[demo.amytheme.com/movie/demo/multi-cinema/wp-content/uploads/2019/04/img_56-360x240.jpg]
[demo.amytheme.com/movie/demo/multi-cinema/5-movies-to-watch-this-week-29-sep-2016/index.html]
[demo.amytheme.com/movie/demo/multi-cinema/wp-json/oembed/1.0/embed3189.json]
[demo.amytheme.com/movie/demo/multi-cinema/doctor-strange-assembles-with-the-avengers/feed/index.html]
[demo.amytheme.com/movie/demo/multi-cinema/wp-json/oembed/1.0/embed6853]
[demo.amytheme.com/movie/demo/multi-cinema/wp-content/uploads/2019/04/image_2-1-360x240.jpg]
[demo.amytheme.com/movie/demo/multi-cinema/doctor-strange-assembles-with-the-avengers/index.html]
[demo.amytheme.com/movie/demo/multi-cinema/wp-content/plugins/revslider/public/assets/fonts/revicons/revicons90c6.svg]
[demo.amytheme.com/movie/demo/multi-cinema/wp-content/plugins/revslider/public/assets/css/openhand.html]
[demo.amytheme.com/movie/demo/multi-cinema/wp-content/plugins/revslider/public/assets/css/closedhand.html]
[demo.amytheme.com/movie/demo/multi-cinema/wp-content/plugins/js_composer/assets/fonts/vc_icons_v2/fonts/vcpb-plugin-iconsb82a.svg]
[demo.amytheme.com/movie/demo/multi-cinema/wp-content/plugins/js_composer/assets/vc/blur.svg]
[demo.amytheme.com/movie/demo/multi-cinema/wp-content/plugins/js_composer/assets/fonts/vc_grid/vc_grid_v157a1.svg]
[demo.amytheme.com/movie/demo/multi-cinema/wp-content/themes/amy-movie/fonts/font-awesome/fontawesome-webfont5b62.svg]
[demo.amytheme.com/movie/demo/multi-cinema/wp-content/themes/amy-movie/css/images/frontend/ajax-loader.html]
[demo.amytheme.com/movie/demo/multi-cinema/wp-content/themes/amy-movie/css/fonts/slick/slick.html]
[demo.amytheme.com/movie/demo/multi-cinema/wp-content/themes/amy-movie/css/fonts/slick/slickd41d.html]
[demo.amytheme.com/movie/demo/multi-cinema/wp-content/themes/amy-movie/css/fonts/slick/slick-2.html]
[demo.amytheme.com/movie/demo/multi-cinema/wp-content/themes/amy-movie/css/fonts/slick/slick-3.html]
[demo.amytheme.com/movie/demo/multi-cinema/wp-content/themes/amy-movie/css/fonts/slick/slick-4.html]
[demo.amytheme.com/movie/demo/multi-cinema/wp-content/themes/amy-movie/css/vendor/mCSB_buttons.html]
[demo.amytheme.com/movie/demo/multi-cinema/wp-content/themes/amy-movie/images/frontend/bg_latestnew.html]
[demo.amytheme.com/movie/demo/multi-cinema/wp-content/themes/amy-movie/images/icons/dot-white.html]
[demo.amytheme.com/movie/demo/multi-cinema/index261b.html]
[demo.amytheme.com/movie/demo/multi-cinema/wp-content/uploads/2019/04/img_5-1-196x336.jpg]
[demo.amytheme.com/movie/demo/multi-cinema/wp-content/uploads/2019/04/img_4-1-196x336.jpg]
[demo.amytheme.com/movie/demo/multi-cinema/wp-content/uploads/2019/04/img_3-1-196x336.jpg]
[demo.amytheme.com/movie/demo/multi-cinema/now-playing/page/2/index.html]
[demo.amytheme.com/movie/demo/multi-cinema/wp-content/uploads/2019/04/img_56.jpg]
[demo.amytheme.com/movie/demo/multi-cinema/six-book-to-film-adaptations-to-get-excited-about-this-autumn/feed/index.html]
[demo.amytheme.com/movie/demo/multi-cinema/wp-json/oembed/1.0/embedb66c.json]
[demo.amytheme.com/movie/demo/multi-cinema/wp-json/oembed/1.0/embed6019]
[demo.amytheme.com/movie/demo/multi-cinema/six-book-to-film-adaptations-to-get-excited-about-this-autumn/index.html]
[demo.amytheme.com/movie/demo/multi-cinema/wp-content/uploads/2019/04/img_57.jpg]
[demo.amytheme.com/movie/demo/multi-cinema/the-beatles-eight-days-a-week-the-touring/feed/index.html]
[demo.amytheme.com/movie/demo/multi-cinema/wp-json/oembed/1.0/embed7d26.json]
[demo.amytheme.com/movie/demo/multi-cinema/wp-json/oembed/1.0/embed211c]
[demo.amytheme.com/movie/demo/multi-cinema/the-beatles-eight-days-a-week-the-touring/index.html]
[demo.amytheme.com/movie/demo/multi-cinema/indexbbbf.html]
[demo.amytheme.com/movie/demo/multi-cinema/wp-content/uploads/2019/04/img_12-1-214x368.jpg]
[demo.amytheme.com/movie/demo/multi-cinema/wp-content/uploads/2019/04/img_13-1-214x368.jpg]
[demo.amytheme.com/movie/demo/multi-cinema/wp-content/uploads/2019/04/img_14-1-214x368.jpg]
[demo.amytheme.com/movie/demo/multi-cinema/wp-content/uploads/2019/04/img_3-1-214x368.jpg]
[demo.amytheme.com/movie/demo/multi-cinema/comming-soon/page/2/index.html]
[demo.amytheme.com/movie/demo/multi-cinema/amy_movie/hello-of-high-water/feed/index.html]
[demo.amytheme.com/movie/demo/multi-cinema/index5d38.html]
[demo.amytheme.com/movie/demo/multi-cinema/wp-json/oembed/1.0/embedd98d.json]
[demo.amytheme.com/movie/demo/multi-cinema/cinema/gv-vivocity/feed/index.html]
[demo.amytheme.com/movie/demo/multi-cinema/wp-json/oembed/1.0/embeda4c3]
[demo.amytheme.com/movie/demo/multi-cinema/wp-content/uploads/2019/04/img_46.jpg]
[demo.amytheme.com/movie/demo/multi-cinema/wp-content/uploads/2019/04/img_10-1-164x220.jpg]
[demo.amytheme.com/movie/demo/multi-cinema/wp-content/uploads/2019/04/img_6-1-164x220.jpg]
[demo.amytheme.com/movie/demo/multi-cinema/wp-content/uploads/2019/04/img_5-1-164x220.jpg]
[demo.amytheme.com/movie/demo/multi-cinema/wp-content/uploads/2019/04/img_4-1-164x220.jpg]
[demo.amytheme.com/movie/demo/multi-cinema/cinema/gv-vivocity/index.html]
[demo.amytheme.com/movie/demo/multi-cinema/amy_movie/ice-age-collision-course/feed/index.html]
[demo.amytheme.com/movie/demo/multi-cinema/index8ed7.html]
[demo.amytheme.com/movie/demo/multi-cinema/wp-json/oembed/1.0/embed11d5]
[demo.amytheme.com/movie/demo/multi-cinema/cinema/gv-plaza/feed/index.html]
[demo.amytheme.com/movie/demo/multi-cinema/wp-json/oembed/1.0/embed49a1]
[demo.amytheme.com/movie/demo/multi-cinema/wp-content/uploads/2019/04/img_47.jpg]
[demo.amytheme.com/movie/demo/multi-cinema/cinema/gv-plaza/index.html]
[demo.amytheme.com/movie/demo/multi-cinema/amy_movie/jumanji-welcome-to-the-jungle/feed/index.html]
[demo.amytheme.com/movie/demo/multi-cinema/indexb6ad.html]
[demo.amytheme.com/movie/demo/multi-cinema/wp-json/oembed/1.0/embed2582.json]
[demo.amytheme.com/movie/demo/multi-cinema/cinema/gv-vatond-ketty/feed/index.html]
[demo.amytheme.com/movie/demo/multi-cinema/wp-json/oembed/1.0/embede896]
[demo.amytheme.com/movie/demo/multi-cinema/wp-content/uploads/2019/04/img_49.jpg]
[demo.amytheme.com/movie/demo/multi-cinema/wp-content/uploads/2019/04/img_11-1-164x220.jpg]
[demo.amytheme.com/movie/demo/multi-cinema/wp-content/uploads/2019/04/img_9-1-164x220.jpg]
[demo.amytheme.com/movie/demo/multi-cinema/cinema/gv-vatond-ketty/index.html]
[demo.amytheme.com/movie/demo/multi-cinema/wp-json/oembed/1.0/embed3213.json]
[demo.amytheme.com/movie/demo/multi-cinema/cinema/gv-tampines/feed/index.html]
[demo.amytheme.com/movie/demo/multi-cinema/wp-json/oembed/1.0/embed2537]
[demo.amytheme.com/movie/demo/multi-cinema/cinema/gv-tampines/index.html]
[demo.amytheme.com/movie/demo/multi-cinema/amy_movie/kubo-and-the-two-strings/feed/index.html]
[demo.amytheme.com/movie/demo/multi-cinema/index6f72.html]
[demo.amytheme.com/movie/demo/multi-cinema/index287b.html]
[demo.amytheme.com/movie/demo/multi-cinema/index5051.html]
[demo.amytheme.com/movie/demo/multi-cinema/index6452.html]
[demo.amytheme.com/movie/demo/multi-cinema/indexdc0d.html]
[demo.amytheme.com/movie/demo/multi-cinema/index5721.html]
[demo.amytheme.com/movie/demo/multi-cinema/index0a10.html]
[demo.amytheme.com/movie/demo/multi-cinema/wp-content/uploads/2019/04/img_14-1.jpg]
[demo.amytheme.com/movie/demo/multi-cinema/wp-json/oembed/1.0/embedec8c.json]
[demo.amytheme.com/movie/demo/multi-cinema/amy_movie/a-date-for-mad-mary/index.html]
[demo.amytheme.com/movie/demo/multi-cinema/top-rated/page/2/index.html]
[demo.amytheme.com/movie/demo/multi-cinema/amy_movie/game-night/feed/index.html]
[demo.amytheme.com/movie/demo/multi-cinema/indexc5eb.html]
[demo.amytheme.com/movie/demo/multi-cinema/amy_movie/peter-rabbit/feed/index.html]
[demo.amytheme.com/movie/demo/multi-cinema/index198a.html]
[demo.amytheme.com/movie/demo/multi-cinema/amy_movie/supersonic/feed/index.html]
[demo.amytheme.com/movie/demo/multi-cinema/index3f5a.html]
[demo.amytheme.com/movie/demo/multi-cinema/amy_movie/death-wish/feed/index.html]
[demo.amytheme.com/movie/demo/multi-cinema/index5401.html]
[demo.amytheme.com/movie/demo/multi-cinema/amy_movie/the-hurricane-heist/feed/index.html]
[demo.amytheme.com/movie/demo/multi-cinema/indexb190.html]
[demo.amytheme.com/movie/demo/multi-cinema/amy_movie/norma-royal-opera/feed/index.html]
[demo.amytheme.com/movie/demo/multi-cinema/index5cfa.html]
[demo.amytheme.com/movie/demo/multi-cinema/wp-json/oembed/1.0/embed1a9b]
[demo.amytheme.com/movie/demo/multi-cinema/wp-content/uploads/2019/04/img_7-1-205x347.jpg]
[demo.amytheme.com/movie/demo/multi-cinema/wp-content/uploads/2019/04/img_6-1-205x347.jpg]
[demo.amytheme.com/movie/demo/multi-cinema/amy_genre/comedy/page/2/index.html]
[demo.amytheme.com/movie/demo/multi-cinema/wp-content/uploads/2019/04/img_14-1-205x347.jpg]
[demo.amytheme.com/movie/demo/multi-cinema/wp-content/uploads/2019/04/img_12-1-205x347.jpg]
[demo.amytheme.com/movie/demo/multi-cinema/wp-content/uploads/2019/04/img_10-1-205x347.jpg]
[demo.amytheme.com/movie/demo/multi-cinema/wp-content/uploads/2019/04/img_8-1-205x347.jpg]
[demo.amytheme.com/movie/demo/multi-cinema/amy_genre/magic/page/2/index.html]
[demo.amytheme.com/movie/demo/multi-cinema/wp-content/uploads/2019/04/img_3-1-205x347.jpg]
[demo.amytheme.com/movie/demo/multi-cinema/amy_genre/magic/page/3/index.html]
[demo.amytheme.com/movie/demo/multi-cinema/amy_genre/romantic/page/2/index.html]
[demo.amytheme.com/movie/demo/multi-cinema/wp-content/uploads/2019/04/img_14-1-150x150.jpg]
[demo.amytheme.com/movie/demo/multi-cinema/wp-content/uploads/2019/04/img_13-1-150x150.jpg]
[demo.amytheme.com/movie/demo/multi-cinema/wp-content/uploads/2019/04/img_12-1-150x150.jpg]
[demo.amytheme.com/movie/demo/multi-cinema/wp-content/uploads/2019/04/img_11-1-150x150.jpg]
[demo.amytheme.com/movie/demo/multi-cinema/amy_actor/alexander-cattly/page/2/index.html]
[demo.amytheme.com/movie/demo/multi-cinema/wp-content/uploads/2019/04/img_4-1-150x150.jpg]
[demo.amytheme.com/movie/demo/multi-cinema/wp-content/uploads/2019/04/img_3-1-150x150.jpg]
[demo.amytheme.com/movie/demo/multi-cinema/amy_actor/alexander-cattly/page/4/index.html]
[demo.amytheme.com/movie/demo/multi-cinema/amy_actor/greta-garbo/page/2/index.html]
[demo.amytheme.com/movie/demo/multi-cinema/wp-content/uploads/2019/04/img_8-1-150x150.jpg]
[demo.amytheme.com/movie/demo/multi-cinema/amy_actor/greta-garbo/page/4/index.html]
[demo.amytheme.com/movie/demo/multi-cinema/wp-content/uploads/2019/04/img_7-1-150x150.jpg]
[demo.amytheme.com/movie/demo/multi-cinema/wp-content/uploads/2019/04/img_6-1-150x150.jpg]
[demo.amytheme.com/movie/demo/multi-cinema/wp-content/uploads/2019/04/img_5-1-150x150.jpg]
[demo.amytheme.com/movie/demo/multi-cinema/amy_director/grace-belly/page/2/index.html]
[demo.amytheme.com/movie/demo/multi-cinema/amy_director/grace-belly/page/4/index.html]
[demo.amytheme.com/movie/demo/multi-cinema/amy_movie/bad-moms/feed/index.html]
[demo.amytheme.com/movie/demo/multi-cinema/index5eda.html]
[demo.amytheme.com/movie/demo/multi-cinema/amy_movie/swiss-army-man/feed/index.html]
[demo.amytheme.com/movie/demo/multi-cinema/indexeffd.html]
[demo.amytheme.com/movie/demo/multi-cinema/amy_genre/drama/page/2/index.html]
[demo.amytheme.com/movie/demo/multi-cinema/amy_movie/brotherhood/feed/index.html]
[demo.amytheme.com/movie/demo/multi-cinema/index55e4.html]
[demo.amytheme.com/movie/demo/multi-cinema/amy_movie/the-girl-with-all-the-gifts/feed/index.html]
[demo.amytheme.com/movie/demo/multi-cinema/index36d4.html]
[demo.amytheme.com/movie/demo/multi-cinema/amy_movie/the-sleeping-beauty-australia/feed/index.html]
[demo.amytheme.com/movie/demo/multi-cinema/index65d2.html]
[demo.amytheme.com/movie/demo/multi-cinema/amy_movie/dont-breathe/feed/index.html]
[demo.amytheme.com/movie/demo/multi-cinema/index8e15.html]
[demo.amytheme.com/movie/demo/multi-cinema/amy_movie/star-trek-beyond/feed/index.html]
[demo.amytheme.com/movie/demo/multi-cinema/index3fbb.html]
[demo.amytheme.com/movie/demo/multi-cinema/index5f87.html]
[demo.amytheme.com/movie/demo/multi-cinema/category/news/index.html]
[demo.amytheme.com/movie/home-3/wp-content/uploads/2016/12/img_56-300x200.html]
[demo.amytheme.com/movie/demo/multi-cinema/indexbbbb.html]
[demo.amytheme.com/movie/demo/multi-cinema/index8820.html]
[demo.amytheme.com/movie/demo/multi-cinema/category/news/feed/index.html]
[demo.amytheme.com/movie/demo/multi-cinema/win-a-wizarding-world-holiday-with-fantastic/feed/index.html]
[demo.amytheme.com/movie/demo/multi-cinema/wp-json/oembed/1.0/embed6ac5.json]
[demo.amytheme.com/movie/demo/multi-cinema/wp-json/oembed/1.0/embed1421]
[demo.amytheme.com/movie/demo/multi-cinema/win-a-wizarding-world-holiday-with-fantastic/index.html]
[demo.amytheme.com/movie/demo/multi-cinema/indexea0f.html]
[demo.amytheme.com/movie/demo/multi-cinema/index9430.html]
[demo.amytheme.com/movie/demo/multi-cinema/indexbde5.html]
[demo.amytheme.com/movie/demo/multi-cinema/index6ffe.html]
[demo.amytheme.com/movie/demo/multi-cinema/indexb135.html]
[demo.amytheme.com/movie/demo/multi-cinema/index7896.html]
[demo.amytheme.com/movie/demo/multi-cinema/amy_movie/a-date-for-mad-mary/feed/index.html]
[demo.amytheme.com/movie/demo/multi-cinema/index6213.html]
[demo.amytheme.com/movie/demo/multi-cinema/wp-content/uploads/2019/04/img_10-1-150x150.jpg]
[demo.amytheme.com/movie/demo/multi-cinema/wp-content/uploads/2019/04/img_9-1-150x150.jpg]
[demo.amytheme.com/movie/demo/multi-cinema/amy_actor/alexander-cattly/page/3/index.html]
[demo.amytheme.com/movie/demo/multi-cinema/amy_actor/greta-garbo/page/3/index.html]
[demo.amytheme.com/movie/demo/multi-cinema/amy_director/grace-belly/page/3/index.html]
[demo.amytheme.com/movie/demo/multi-cinema/indexe6f0.html]
